python : 
At line:1 char:41
+ ... s\product_reader"; python src/main.py --days 1 --dry-run 2>&1 | Tee-O ...
+                        ~~~~~~~~~~~~~~~~~~~~~~~~~~~~~~~~~~~~~~~~~~
    + CategoryInfo          : NotSpecified: (:String) [], RemoteException
    + FullyQualifiedErrorId : NativeCommandError
 
2025-05-29 23:44:09 | INFO | === Starting News Digest Application ===

2025-05-29 23:44:09 | INFO | Command line arguments: days=1, dry_run=True

2025-05-29 23:44:09 | INFO | === Testing Connections ===

2025-05-29 23:44:09 | INFO | 1. Testing Gemini API connection...

2025-05-29 23:44:09 | INFO | Initializing Gemini model...

2025-05-29 23:44:09 | INFO | Successfully initialized model: gemini-1.5-flash

2025-05-29 23:44:09 | INFO | Gemini API connection successful

2025-05-29 23:44:09 | INFO | 2. Testing SMTP connection...

2025-05-29 23:44:09 | INFO | SMTP server connected, starting TLS...

2025-05-29 23:44:10 | INFO | TLS started, attempting login...

2025-05-29 23:44:11 | INFO | SMTP connection successful

2025-05-29 23:44:11 | INFO | All connection tests successful!

2025-05-29 23:44:11 | INFO | Starting News Digest process

2025-05-29 23:44:11 | INFO | Processing news for the last 1 days

2025-05-29 23:44:11 | INFO | Using 24 RSS feeds

2025-05-29 23:44:11 | INFO | Initialized RSS Reader with 24 feeds

2025-05-29 23:44:11 | INFO | Date range: 2025-05-29 to 2025-05-30

2025-05-29 23:44:11 | INFO | RSS Reader: Fetching news from last 1 days

2025-05-29 23:44:11 | INFO | RSS Reader: Date range 2025-05-29 to 2025-05-29

2025-05-29 23:44:11 | INFO | RSS Reader: Processing feed: 
https://www.bing.com/news/search?q=Product+management&format=rss

2025-05-29 23:44:11 | INFO | RSS Reader: Parsed 11 raw items from 
https://www.bing.com/news/search?q=Product+management&format=rss

2025-05-29 23:44:11 | INFO | RSS Reader: Found 0 items in date range from 
https://www.bing.com/news/search?q=Product+management&format=rss

2025-05-29 23:44:11 | WARNING | RSS Reader: All items from 
https://www.bing.com/news/search?q=Product+management&format=rss were outside date range 2025-05-29 to 2025-05-29

2025-05-29 23:44:11 | INFO | RSS Reader: Processing feed: https://www.mindtheproduct.com/feed/

2025-05-29 23:44:12 | INFO | RSS Reader: Parsed 10 raw items from https://www.mindtheproduct.com/feed/

2025-05-29 23:44:12 | INFO | RSS Reader: Found 2 items in date range from https://www.mindtheproduct.com/feed/

2025-05-29 23:44:12 | INFO | RSS Reader: Processing feed: https://www.producttalk.org/feed/

2025-05-29 23:44:15 | INFO | RSS Reader: Parsed 10 raw items from https://www.producttalk.org/feed/

2025-05-29 23:44:15 | INFO | RSS Reader: Found 0 items in date range from https://www.producttalk.org/feed/

2025-05-29 23:44:15 | WARNING | RSS Reader: All items from https://www.producttalk.org/feed/ were outside date range 
2025-05-29 to 2025-05-29

2025-05-29 23:44:15 | INFO | RSS Reader: Processing feed: https://www.romanpichler.com/feed/

2025-05-29 23:44:17 | INFO | RSS Reader: Parsed 10 raw items from https://www.romanpichler.com/feed/

2025-05-29 23:44:17 | INFO | RSS Reader: Found 0 items in date range from https://www.romanpichler.com/feed/

2025-05-29 23:44:17 | WARNING | RSS Reader: All items from https://www.romanpichler.com/feed/ were outside date range 
2025-05-29 to 2025-05-29

2025-05-29 23:44:17 | INFO | RSS Reader: Processing feed: https://newsletter.uxdesign.cc/feed

2025-05-29 23:44:17 | INFO | RSS Reader: Parsed 20 raw items from https://newsletter.uxdesign.cc/feed

2025-05-29 23:44:17 | INFO | RSS Reader: Found 0 items in date range from https://newsletter.uxdesign.cc/feed

2025-05-29 23:44:17 | WARNING | RSS Reader: All items from https://newsletter.uxdesign.cc/feed were outside date 
range 2025-05-29 to 2025-05-29

2025-05-29 23:44:17 | INFO | RSS Reader: Processing feed: https://producttalkdaily.substack.com/feed

2025-05-29 23:44:18 | INFO | RSS Reader: Parsed 20 raw items from https://producttalkdaily.substack.com/feed

2025-05-29 23:44:18 | INFO | RSS Reader: Found 1 items in date range from https://producttalkdaily.substack.com/feed

2025-05-29 23:44:18 | INFO | RSS Reader: Processing feed: https://getproductpeople.substack.com/feed

2025-05-29 23:44:18 | INFO | RSS Reader: Parsed 20 raw items from https://getproductpeople.substack.com/feed

2025-05-29 23:44:18 | INFO | RSS Reader: Found 0 items in date range from https://getproductpeople.substack.com/feed

2025-05-29 23:44:18 | WARNING | RSS Reader: All items from https://getproductpeople.substack.com/feed were outside 
date range 2025-05-29 to 2025-05-29

2025-05-29 23:44:18 | INFO | RSS Reader: Processing feed: https://cutlefish.substack.com/feed

2025-05-29 23:44:18 | INFO | RSS Reader: Parsed 20 raw items from https://cutlefish.substack.com/feed

2025-05-29 23:44:18 | INFO | RSS Reader: Found 0 items in date range from https://cutlefish.substack.com/feed

2025-05-29 23:44:18 | WARNING | RSS Reader: All items from https://cutlefish.substack.com/feed were outside date 
range 2025-05-29 to 2025-05-29

2025-05-29 23:44:18 | INFO | RSS Reader: Processing feed: https://www.svpg.com/articles/feed/

2025-05-29 23:44:19 | INFO | RSS Reader: Parsed 15 raw items from https://www.svpg.com/articles/feed/

2025-05-29 23:44:19 | INFO | RSS Reader: Found 1 items in date range from https://www.svpg.com/articles/feed/

2025-05-29 23:44:19 | INFO | RSS Reader: Processing feed: https://productmanagers.substack.com/feed

2025-05-29 23:44:20 | INFO | RSS Reader: Parsed 20 raw items from https://productmanagers.substack.com/feed

2025-05-29 23:44:20 | INFO | RSS Reader: Found 0 items in date range from https://productmanagers.substack.com/feed

2025-05-29 23:44:20 | WARNING | RSS Reader: All items from https://productmanagers.substack.com/feed were outside 
date range 2025-05-29 to 2025-05-29

2025-05-29 23:44:20 | INFO | RSS Reader: Processing feed: https://www.growthunhinged.com/feed

2025-05-29 23:44:20 | INFO | RSS Reader: Parsed 20 raw items from https://www.growthunhinged.com/feed

2025-05-29 23:44:20 | INFO | RSS Reader: Found 0 items in date range from https://www.growthunhinged.com/feed

2025-05-29 23:44:20 | WARNING | RSS Reader: All items from https://www.growthunhinged.com/feed were outside date 
range 2025-05-29 to 2025-05-29

2025-05-29 23:44:20 | INFO | RSS Reader: Processing feed: https://dpereira.substack.com/feed

2025-05-29 23:44:20 | INFO | RSS Reader: Parsed 20 raw items from https://dpereira.substack.com/feed

2025-05-29 23:44:20 | INFO | RSS Reader: Found 1 items in date range from https://dpereira.substack.com/feed

2025-05-29 23:44:20 | INFO | RSS Reader: Processing feed: https://www.lennysnewsletter.com/feed

2025-05-29 23:44:21 | INFO | RSS Reader: Parsed 20 raw items from https://www.lennysnewsletter.com/feed

2025-05-29 23:44:21 | INFO | RSS Reader: Found 0 items in date range from https://www.lennysnewsletter.com/feed

2025-05-29 23:44:21 | WARNING | RSS Reader: All items from https://www.lennysnewsletter.com/feed were outside date 
range 2025-05-29 to 2025-05-29

2025-05-29 23:44:21 | INFO | RSS Reader: Processing feed: https://www.productthinking.cc/feed

2025-05-29 23:44:21 | INFO | RSS Reader: Parsed 20 raw items from https://www.productthinking.cc/feed

2025-05-29 23:44:21 | INFO | RSS Reader: Found 0 items in date range from https://www.productthinking.cc/feed

2025-05-29 23:44:21 | WARNING | RSS Reader: All items from https://www.productthinking.cc/feed were outside date 
range 2025-05-29 to 2025-05-29

2025-05-29 23:44:21 | INFO | RSS Reader: Processing feed: https://www.news.aakashg.com/feed

2025-05-29 23:44:21 | INFO | RSS Reader: Parsed 20 raw items from https://www.news.aakashg.com/feed

2025-05-29 23:44:21 | INFO | RSS Reader: Found 1 items in date range from https://www.news.aakashg.com/feed

2025-05-29 23:44:21 | INFO | RSS Reader: Processing feed: https://www.leahtharin.com/feed

2025-05-29 23:44:21 | INFO | RSS Reader: Parsed 20 raw items from https://www.leahtharin.com/feed

2025-05-29 23:44:21 | INFO | RSS Reader: Found 0 items in date range from https://www.leahtharin.com/feed

2025-05-29 23:44:21 | WARNING | RSS Reader: All items from https://www.leahtharin.com/feed were outside date range 
2025-05-29 to 2025-05-29

2025-05-29 23:44:21 | INFO | RSS Reader: Processing feed: https://www.productcompass.pm/feed
C:\Projects\agents\product_reader\src\agents\rss_reader.py:354: MarkupResemblesLocatorWarning: The input looks more 
like a filename than markup. You may want to open this file and pass the filehandle into Beautiful Soup.
  description=BeautifulSoup(desc_text, 'html.parser').get_text() if desc_text else title,

2025-05-29 23:44:22 | INFO | RSS Reader: Parsed 20 raw items from https://www.productcompass.pm/feed

2025-05-29 23:44:22 | INFO | RSS Reader: Found 1 items in date range from https://www.productcompass.pm/feed

2025-05-29 23:44:22 | INFO | RSS Reader: Processing feed: https://tpgblog.com/feed/

2025-05-29 23:44:22 | INFO | RSS Reader: Parsed 10 raw items from https://tpgblog.com/feed/

2025-05-29 23:44:22 | INFO | RSS Reader: Found 0 items in date range from https://tpgblog.com/feed/

2025-05-29 23:44:22 | WARNING | RSS Reader: All items from https://tpgblog.com/feed/ were outside date range 
2025-05-29 to 2025-05-29

2025-05-29 23:44:22 | INFO | RSS Reader: Processing feed: https://www.sachinrekhi.com/rss

2025-05-29 23:44:23 | INFO | RSS Reader: Parsed 50 raw items from https://www.sachinrekhi.com/rss

2025-05-29 23:44:23 | INFO | RSS Reader: Found 0 items in date range from https://www.sachinrekhi.com/rss

2025-05-29 23:44:23 | WARNING | RSS Reader: All items from https://www.sachinrekhi.com/rss were outside date range 
2025-05-29 to 2025-05-29

2025-05-29 23:44:23 | INFO | RSS Reader: Processing feed: https://hackernoon.com/feed

2025-05-29 23:44:24 | INFO | RSS Reader: Parsed 20 raw items from https://hackernoon.com/feed

2025-05-29 23:44:24 | INFO | RSS Reader: Found 20 items in date range from https://hackernoon.com/feed

2025-05-29 23:44:24 | INFO | RSS Reader: Processing feed: https://www.producttalk.org/blog/feed/

2025-05-29 23:44:26 | INFO | RSS Reader: Parsed 10 raw items from https://www.producttalk.org/blog/feed/

2025-05-29 23:44:26 | INFO | RSS Reader: Found 0 items in date range from https://www.producttalk.org/blog/feed/

2025-05-29 23:44:26 | WARNING | RSS Reader: All items from https://www.producttalk.org/blog/feed/ were outside date 
range 2025-05-29 to 2025-05-29

2025-05-29 23:44:26 | INFO | RSS Reader: Processing feed: https://elezea.com/blog/feed/

2025-05-29 23:44:26 | INFO | RSS Reader: Parsed 8 raw items from https://elezea.com/blog/feed/

2025-05-29 23:44:26 | INFO | RSS Reader: Found 0 items in date range from https://elezea.com/blog/feed/

2025-05-29 23:44:26 | WARNING | RSS Reader: All items from https://elezea.com/blog/feed/ were outside date range 
2025-05-29 to 2025-05-29

2025-05-29 23:44:26 | INFO | RSS Reader: Processing feed: https://www.productcoalition.com/feed

2025-05-29 23:44:27 | INFO | RSS Reader: Parsed 20 raw items from https://www.productcoalition.com/feed

2025-05-29 23:44:27 | INFO | RSS Reader: Found 0 items in date range from https://www.productcoalition.com/feed

2025-05-29 23:44:27 | WARNING | RSS Reader: All items from https://www.productcoalition.com/feed were outside date 
range 2025-05-29 to 2025-05-29

2025-05-29 23:44:27 | INFO | RSS Reader: Processing feed: https://www.intercom.com/blog/feed/

2025-05-29 23:44:27 | INFO | RSS Reader: Parsed 10 raw items from https://www.intercom.com/blog/feed/

2025-05-29 23:44:27 | INFO | RSS Reader: Found 0 items in date range from https://www.intercom.com/blog/feed/

2025-05-29 23:44:27 | WARNING | RSS Reader: All items from https://www.intercom.com/blog/feed/ were outside date 
range 2025-05-29 to 2025-05-29

2025-05-29 23:44:27 | INFO | RSS Reader: Summary:

2025-05-29 23:44:27 | INFO | - Total feeds processed: 24

2025-05-29 23:44:27 | INFO | - Successful feeds: 7

2025-05-29 23:44:27 | INFO | - Skipped/failed feeds: 17

2025-05-29 23:44:27 | INFO | - Total valid items found: 27

2025-05-29 23:44:27 | INFO | - Items without dates: 0

2025-05-29 23:44:27 | INFO | Fetched 27 items from RSS feeds

2025-05-29 23:44:27 | INFO | Found 27 items in date range

2025-05-29 23:44:27 | INFO | Initializing Gemini AI summarizer

2025-05-29 23:44:27 | INFO | Successfully initialized model: gemini-1.5-flash

2025-05-29 23:44:27 | INFO | === Starting News Summarization ===

2025-05-29 23:44:27 | INFO | Total articles to process: 27

2025-05-29 23:44:27 | INFO | Summarizer: Processing date range 2025-05-29 to 2025-05-30

2025-05-29 23:44:27 | INFO | === DEBUG: Checking individual item dates ===

2025-05-29 23:44:27 | INFO | Item 0: Setting New Standards in Cloud Security Architectu... Date: 2025-05-29 
21:59:56+00:00 (2025-05-29)

2025-05-29 23:44:27 | INFO | Item 1: Rajesh Sura: Revolutionizing Global Selection Stra... Date: 2025-05-29 
21:54:26+00:00 (2025-05-29)

2025-05-29 23:44:27 | INFO | Item 2: Here's How to Build That Personal Brand of Yours... Date: 2025-05-29 
21:49:27+00:00 (2025-05-29)

2025-05-29 23:44:27 | INFO | Item 3: Transforming Enterprise Data Landscapes: Gayatri T... Date: 2025-05-29 
21:47:26+00:00 (2025-05-29)

2025-05-29 23:44:27 | INFO | Item 4: Praneet CherukuriÆs Role in Transforming Container... Date: 2025-05-29 
21:41:56+00:00 (2025-05-29)

2025-05-29 23:44:27 | INFO | Found 27 news items in the date range

2025-05-29 23:44:27 | INFO | Generating summary for article: Setting New Standards in Cloud Security Architecture by 
Sudha Rani Pujari

2025-05-29 23:44:29 | INFO | Article summary generated successfully

2025-05-29 23:44:29 | INFO | Generating summary for article: Rajesh Sura: Revolutionizing Global Selection Strategy 
with Data, AI, and Automation

2025-05-29 23:44:30 | INFO | Article summary generated successfully

2025-05-29 23:44:30 | INFO | Generating summary for article: Here's How to Build That Personal Brand of Yours

2025-05-29 23:44:30 | INFO | Switched to free model: models/gemma-3-1b-it

2025-05-29 23:44:32 | INFO | Article summary generated successfully

2025-05-29 23:44:32 | INFO | Generating summary for article: Transforming Enterprise Data Landscapes: Gayatri Tavva's 
Pioneering AWS Cloud Integration Platform

2025-05-29 23:44:33 | INFO | Article summary generated successfully

2025-05-29 23:44:33 | INFO | Generating summary for article: Praneet CherukuriÆs Role in Transforming Containers with 
 Persistent Storage

2025-05-29 23:44:34 | INFO | Article summary generated successfully

2025-05-29 23:44:34 | INFO | Generating summary for article: SVPG on Generative AI

2025-05-29 23:44:34 | INFO | Article summary generated successfully

2025-05-29 23:44:34 | INFO | Generating summary for article: Fullscreen BitM Attack Discovered By SquareX Exploits 
Browser Fullscreen APIs To Steal Credentials

2025-05-29 23:44:35 | INFO | Article summary generated successfully

2025-05-29 23:44:35 | INFO | Generating summary for article: RemotePreneurs | Losing Friendships

2025-05-29 23:44:36 | INFO | Article summary generated successfully

2025-05-29 23:44:36 | INFO | Generating summary for article: Bet20 Launches Premium Casino Platform With Trusted 
Licensing, Instant Withdrawals, And Elite Gaming

2025-05-29 23:44:37 | INFO | Article summary generated successfully

2025-05-29 23:44:37 | INFO | Generating summary for article: ReddioÆs Exclusive Token Generation Event (TGE) And 
Alpha Trading On Binance Wallet - May 29, 2025

2025-05-29 23:44:38 | INFO | Article summary generated successfully

2025-05-29 23:44:38 | INFO | Generating summary for article: Rethinking Simulation: How CompLabs Is Building 
Foundation Models for Mechanical Design

2025-05-29 23:44:39 | INFO | Article summary generated successfully

2025-05-29 23:44:39 | INFO | Generating summary for article: Why AI Agents Should Handle the Mundane, So Humans DonÆt 
Have To

2025-05-29 23:44:41 | INFO | Article summary generated successfully

2025-05-29 23:44:41 | INFO | Generating summary for article: FLOKI And New To The Street Announce Media Partnership 
To Reach 219M+ Households

2025-05-29 23:44:42 | INFO | Article summary generated successfully

2025-05-29 23:44:42 | INFO | Generating summary for article: IPinfo Launches IPinfo Core: City-Level Precision And 
Privacy Clarity

2025-05-29 23:44:43 | INFO | Article summary generated successfully

2025-05-29 23:44:43 | INFO | Generating summary for article: Career-Launching Companies: These are the Companies You 
Should Work For

2025-05-29 23:44:43 | INFO | Article summary generated successfully

2025-05-29 23:44:43 | INFO | Generating summary for article: Product Talk Daily: Combatting confirmation bias in 
customer interviews

2025-05-29 23:44:44 | INFO | Article summary generated successfully

2025-05-29 23:44:44 | INFO | Generating summary for article: Are Stablecoins What Crypto Was Always Meant to Be?

2025-05-29 23:44:45 | INFO | Article summary generated successfully

2025-05-29 23:44:45 | INFO | Generating summary for article: The HackerNoon Newsletter: 6 Crypto Trends You CanÆt 
Ignore in 2025 (5/29/2025)

2025-05-29 23:44:46 | INFO | Article summary generated successfully

2025-05-29 23:44:46 | INFO | Generating summary for article: Mastering Asynchronous JavaScript Callbacks, Promises, 
and Async, Await for Cleaner React Components

2025-05-29 23:44:47 | INFO | Article summary generated successfully

2025-05-29 23:44:47 | INFO | Generating summary for article: How Island Communities Are Using Blockchain to Escape 
the Red Button Economy

2025-05-29 23:44:48 | INFO | Article summary generated successfully

2025-05-29 23:44:48 | INFO | Generating summary for article: Meet Linguado, Antix Interactive, eEPIC Events: 
HackerNoon Startups of The Week

2025-05-29 23:44:49 | INFO | Article summary generated successfully

2025-05-29 23:44:49 | INFO | Generating summary for article: Anthropic CEO makes bold AI claim while Workforce new 
product chief wants you to love software

2025-05-29 23:44:50 | INFO | Article summary generated successfully

2025-05-29 23:44:50 | INFO | Generating summary for article: The Definition of Tier 1 Media Is Changing (And Lots of 
Industries Need to Catch Up)

2025-05-29 23:44:50 | WARNING | Rate limit hit. Waiting 5 seconds before retry...

2025-05-29 23:44:56 | INFO | Article summary generated successfully

2025-05-29 23:44:56 | INFO | Generating summary for article: How to Evaluate Security and Reliability in Key Recovery 
Systems

2025-05-29 23:44:57 | INFO | Article summary generated successfully

2025-05-29 23:44:57 | INFO | Generating summary for article: How to Manage Customer Feedback With AI

2025-05-29 23:44:58 | INFO | Article summary generated successfully

2025-05-29 23:44:58 | INFO | Generating summary for article: Keeping Pace with AI Without Going Nuts

2025-05-29 23:44:59 | INFO | Article summary generated successfully

2025-05-29 23:44:59 | INFO | Generating summary for article: Why you should do as few things as possible

2025-05-29 23:45:00 | INFO | Article summary generated successfully

2025-05-29 23:45:00 | INFO | Gerando conte·do para LinkedIn

2025-05-29 23:45:02 | INFO | Conte·do para LinkedIn gerado com sucesso

2025-05-29 23:45:02 | INFO | Completed summarization for news between 2025-05-29 and 2025-05-30

2025-05-29 23:45:02 | INFO | === SUMMARIZER OUTPUT DEBUG ===

2025-05-29 23:45:02 | INFO | Summary type: <class 'dict'>

2025-05-29 23:45:02 | INFO | Summary keys: [datetime.date(2025, 5, 29), 'linkedin_content']

2025-05-29 23:45:02 | INFO | Summary content: {datetime.date(2025, 5, 29): {'items': [NewsItem(title='Setting New 
Standards in Cloud Security Architecture by Sudha Rani Pujari', description='Sudha Rani Pujari led a major 
cloud-native security overhaul, transforming a microservice architecture handling millions of transactions. Her work 
improved encryption, container security, and Kubernetes compliance while maintaining uptimeùearning industry awards 
and setting a new standard for secure-by-design infrastructure.', 
link='https://hackernoon.com/setting-new-standards-in-cloud-security-architecture-by-sudha-rani-pujari?source=rss', 
published_date=datetime.datetime(2025, 5, 29, 21, 59, 56, tzinfo=<UTC>), source='https://hackernoon.com/feed', 
summary='Resumo:Sudha Rani Pujari liderou uma grande reformulaτπo da seguranτa nativa na nuvem, transformando uma 
arquitetura de microserviτos que processa milh⌡es de transaτ⌡es.  Seu trabalho melhorou a criptografia, a seguranτa 
de contΩineres e a conformidade com o Kubernetes, mantendo o tempo de atividade e estabelecendo um novo padrπo para 
infraestrutura segura por projeto.\n'), NewsItem(title='Rajesh Sura: Revolutionizing Global Selection Strategy with 
Data, AI, and Automation', description='Rajesh Sura revolutionized enterprise product selection strategy by combining 
internal data, external intelligence, AI models, and automation tools. His unified data architecture and intelligent 
systems led to billions in business impact, optimized onboarding, and enhanced customer experiencesùsetting a new 
global standard for retail innovation.', link='https://hackernoon.com/rajesh-sura-revolutionizing-global-selection-str
ategy-with-data-ai-and-automation?source=rss', published_date=datetime.datetime(2025, 5, 29, 21, 54, 26, 
tzinfo=<UTC>), source='https://hackernoon.com/feed', summary='Resumo:Rajesh Sura revolucionou a estratΘgia de seleτπo 
de produtos em empresas globais ao integrar dados internos, inteligΩncia externa, inteligΩncia artificial e 
automaτπo.  Essa abordagem, baseada em uma arquitetura de dados unificada e sistemas inteligentes, gerou bilh⌡es em 
impacto comercial, otimizou o processo de integraτπo de novos produtos e aprimorou a experiΩncia do cliente, 
estabelecendo um novo padrπo global para inovaτπo no varejo.\n'), NewsItem(title="Here's How to Build That Personal 
Brand of Yours", description='Personal brand is your calling card in the digital world. It screams out about you to 
your peers, colleagues, family members, neighbours, potential clients and employers. The right kind of brand image 
will offer you greater and better opportunities in life.', 
link='https://hackernoon.com/heres-how-to-build-that-personal-brand-of-yours?source=rss', 
published_date=datetime.datetime(2025, 5, 29, 21, 49, 27, tzinfo=<UTC>), source='https://hackernoon.com/feed', 
summary='Resumo: Personal brand Θ a representaτπo que vocΩ oferece ao mundo, crucial para se destacar em diversas 
ßreas. Uma marca pessoal forte abre portas para novas oportunidades de carreira e relacionamentos.'), 
NewsItem(title="Transforming Enterprise Data Landscapes: Gayatri Tavva's Pioneering AWS Cloud Integration Platform", 
description='Gayatri Tavva architected a powerful enterprise data integration platform on AWS, merging batch and 
real-time data from disparate systems into a unified, scalable solution. Her leadership enabled cross-system 
analytics, high-performance reporting, and real-time insights, transforming how organizations harness and act on 
their data.', link='https://hackernoon.com/transforming-enterprise-data-landscapes-gayatri-tavvas-pioneering-aws-cloud
-integration-platform?source=rss', published_date=datetime.datetime(2025, 5, 29, 21, 47, 26, tzinfo=<UTC>), 
source='https://hackernoon.com/feed', summary='Resumo: Gayatri Tavva criou uma plataforma de integraτπo de dados 
empresarial robusta no AWS, combinando dados de batch e em tempo real de diversos sistemas para criar uma soluτπo 
escalßvel e com anßlises de alto desempenho. Essa iniciativa transformou a forma como as organizaτ⌡es utilizam e 
interpretam seus dados.'), NewsItem(title='Praneet CherukuriÆs Role in Transforming Containers with  Persistent 
Storage', description='Praneet CherukuriÆs work on adding persistent block storage to AWS ECS revolutionized 
containerized workloads. His engineering enabled developers to run stateful applications more easily, eliminating the 
need for complex infrastructure and advancing cloud-native capabilities with scalable, seamless storage 
orchestration.', 
link='https://hackernoon.com/praneet-cherukuris-role-in-transforming-containers-with-persistent-storage?source=rss', 
published_date=datetime.datetime(2025, 5, 29, 21, 41, 56, tzinfo=<UTC>), source='https://hackernoon.com/feed', 
summary='Resumo: Praneet Cherukuri desenvolveu persistΩncia de armazenamento em AWS ECS, permitindo que 
desenvolvedores executassem aplicaτ⌡es com estado de forma mais fßcil, eliminando a necessidade de infraestrutura 
complexa e impulsionando capacidades de armazenamento escalßveis e sem problemas.'), NewsItem(title='SVPG on 
Generative AI', description='As generative AI continues to evolve, SVPG is focused on understanding its impact on 
product teams and practices. Below is a curated list of our content on various aspects of AI in product development. 
This page will be updated regularly when SVPG publishes new content on AI related topics. Articles on Generative AI A 
Vision...\nThe post SVPG on Generative AI appeared first on Silicon Valley Product Group.\n', 
link='https://www.svpg.com/svpg-on-generative-ai/', published_date=datetime.datetime(2025, 5, 29, 21, 6, 33, 
tzinfo=datetime.timezone.utc), source='https://www.svpg.com/articles/feed/', summary='Resumo: SVPG explora o impacto 
da inteligΩncia artificial (IA) no desenvolvimento de produtos, apresentando um conte·do abrangente sobre a 
tecnologia. A pßgina atualiza-se regularmente com novas publicaτ⌡es sobre IA no setor de produtos.'), 
NewsItem(title='Fullscreen BitM Attack Discovered By SquareX Exploits Browser Fullscreen APIs To Steal Credentials', 
description='A new attack on Safari uses a flaw in the Fullscreen API to create a fullscreen BitM window. Safari 
users are especially vulnerable to this attack as there is no clear visual indicator of users entering fullscreen. 
Existing security solutions fail to detect the attack and are proven to be obsolete when it comes to detecting any 
BitM attack.', link='https://hackernoon.com/fullscreen-bitm-attack-discovered-by-squarex-exploits-browser-fullscreen-a
pis-to-steal-credentials?source=rss', published_date=datetime.datetime(2025, 5, 29, 20, 38, 42, tzinfo=<UTC>), 
source='https://hackernoon.com/feed', summary='Resumo: Uma nova tΘcnica de ataque, conhecida como BitM, foi 
descoberta no Safari, utilizando um defeito na API Fullscreen para roubar credenciais de usußrios. A falta de 
indicaτπo visual de que o usußrio estß em modo fullscreen torna as soluτ⌡es de seguranτa existentes ineficazes contra 
essa nova ameaτa.'), NewsItem(title='RemotePreneurs | Losing Friendships', description='Growing a business changes 
you, and sometimes that means losing old friendships. This piece explores why it happens, how it feels, and how to 
move forward without losing yourself.', 
link='https://hackernoon.com/remotepreneurs-or-losing-friendships?source=rss', published_date=datetime.datetime(2025, 
5, 29, 20, 23, 57, tzinfo=<UTC>), source='https://hackernoon.com/feed', summary='Resumo: A crescente demanda por 
serviτos de "remotneurs" (pessoas que oferecem serviτos de consultoria remota) frequentemente leva ao tΘrmino de 
amizades, pois a mudanτa de foco e a necessidade de se adaptar a um novo modelo de trabalho podem gerar conflitos. A 
notφcia destaca que essa transiτπo pode ser dolorosa, mas que Θ possφvel seguir em frente, mantendo a individualidade 
e a busca por novas oportunidades.'), NewsItem(title='Bet20 Launches Premium Casino Platform With Trusted Licensing, 
Instant Withdrawals, And Elite Gaming', description='Bet20 Casino is a globally leading cryptocurrency gaming and 
betting platform offering an elite casino and sports betting experience. It is offering players 10,000+ titles, 
several unique in-house games, and instant withdrawals via cryptocurrencies. The platform also operates under the 
license and regulation of the Curacao Gaming Control Board (GCB) to ensure players globally enjoy gambling in a 
secure and fair environment.', link='https://hackernoon.com/bet20-launches-premium-casino-platform-with-trusted-licens
ing-instant-withdrawals-and-elite-gaming?source=rss', published_date=datetime.datetime(2025, 5, 29, 20, 16, 30, 
tzinfo=<UTC>), source='https://hackernoon.com/feed', summary='Resumo: Bet20 lanτou sua plataforma de casino premium 
com licenτa confißvel, saques instantΓneos e jogos de alta qualidade. A plataforma oferece mais de 10.000 tφtulos, 
jogos exclusivos desenvolvidos internamente, e saques via criptomoedas. Operando sob a regulamentaτπo do GCB, a Bet20 
garante um ambiente de jogo seguro e justo para jogadores em todo o mundo.'), NewsItem(title='ReddioÆs Exclusive 
Token Generation Event (TGE) And Alpha Trading On Binance Wallet - May 29, 2025', description='Reddio, the 
high-performance parallel EVM accelerated by GPU, will launch its native RDO token through a Binance Exclusive Token 
Generation Event (TGE) on Binance Wallet starting May 29, 2025. 50% of RDOÆs circulating supply will be deployed on 
BNB Chain, with seamless cross-chain transfers.', link='https://hackernoon.com/reddios-exclusive-token-generation-even
t-tge-and-alpha-trading-on-binance-wallet-may-29-2025?source=rss', published_date=datetime.datetime(2025, 5, 29, 20, 
5, 48, tzinfo=<UTC>), source='https://hackernoon.com/feed', summary='Resumo: Reddio, utilizando sua tecnologia de EVM 
acelerada por GPU, lanτarß seu token RDO atravΘs de um Evento de Geraτπo Exclusiva de Token (TGE) na Binance Wallet, 
comeτando em 29 de maio de 2025. A distribuiτπo de 50% do token RDO serß realizada na Chain BNB, com transferΩncias 
cruzadas suaves.'), NewsItem(title='Rethinking Simulation: How CompLabs Is Building Foundation Models for Mechanical 
Design', description='CompLabs is building a foundation AI model for mechanical simulations, enabling engineers to 
run high-fidelity tests in seconds without meshing. By understanding 3D geometry and physics, their approach makes 
design faster, cheaper, and more goal-orientedùunlocking creativity and accelerating innovation across industries.', l
ink='https://hackernoon.com/rethinking-simulation-how-complabs-is-building-foundation-models-for-mechanical-design?sou
rce=rss', published_date=datetime.datetime(2025, 5, 29, 19, 59, 52, tzinfo=<UTC>), 
source='https://hackernoon.com/feed', summary='Resumo: CompLabs estß desenvolvendo um modelo de IA de base para 
simulaτ⌡es mecΓnicas, permitindo que engenheiros executem testes de alta fidelidade em segundos sem a necessidade de 
modelagem de meshing. Essa abordagem acelera o processo de design, reduz custos e promove a inovaτπo em diversos 
setores.'), NewsItem(title='Why AI Agents Should Handle the Mundane, So Humans DonÆt Have To', description='Engineer 
Matteo Zamparini believes AI agents should do the repetitive work, freeing humans for strategic thinking. From real 
estate to clean energy, his work at PropRise shows how agentic systems powered by open standards can deliver 
reliable, human-guided automation that transforms productivity across industries.', 
link='https://hackernoon.com/why-ai-agents-should-handle-the-mundane-so-humans-dont-have-to?source=rss', 
published_date=datetime.datetime(2025, 5, 29, 19, 54, 7, tzinfo=<UTC>), source='https://hackernoon.com/feed', 
summary='Resumo: Engenheiro Matteo Zamparini defende que agentes de IA devem assumir tarefas repetitivas, permitindo 
que humanos se concentrem em atividades estratΘgicas. AtravΘs de projetos como o PropRise, ele demonstra como 
sistemas de agentes baseados em padr⌡es abertos podem oferecer automaτπo confißvel e produtiva em diversos 
setores.'), NewsItem(title='FLOKI And New To The Street Announce Media Partnership To Reach 219M+ Households', 
description='Floki has signed a sweeping media partnership with New to The Street, a leading financial media brand. 
The three-month campaign will spotlight FLOKIÆs fast-growing ecosystem, including its flagship MMORPG game. The media 
rollout includes biographical interview segments on Fox Business and Bloomberg TV.', link='https://hackernoon.com/flok
i-and-new-to-the-street-announce-media-partnership-to-reach-219m-households?source=rss', 
published_date=datetime.datetime(2025, 5, 29, 19, 32, 45, tzinfo=<UTC>), source='https://hackernoon.com/feed', 
summary='Resumo: Floki, o personagem de MMORPG FLOKI, firmou uma parceria de trΩs meses com New to The Street, uma 
marca de mφdia financeira, para promover seu ecossistema em expansπo, incluindo seu jogo principal. A campanha 
incluirß entrevistas com especialistas em Fox Business e Bloomberg TV.'), NewsItem(title='IPinfo Launches IPinfo 
Core: City-Level Precision And Privacy Clarity', description='IPinfo has launched IPinfo Core, a powerful new product 
offering precise city-level geolocation and five privacy/connection-type signals. Built for smarter fraud prevention, 
compliance, and network optimization, it brings enterprise-grade IP insights to entry-level pricingùstarting at 
$49/month with API and Snowflake delivery options.', 
link='https://hackernoon.com/ipinfo-launches-ipinfo-core-city-level-precision-and-privacy-clarity?source=rss', 
published_date=datetime.datetime(2025, 5, 29, 19, 32, 3, tzinfo=<UTC>), source='https://hackernoon.com/feed', 
summary='Resumo: IPinfo lanτou IPinfo Core, uma soluτπo de geolocalizaτπo de nφvel cidade com precisπo e privacidade 
aprimoradas, oferecendo dados de fraudes, conformidade e otimizaτπo de rede a preτos acessφveis, comeτando em 
US$49/mΩs com API e opτ⌡es de entrega do Snowflake.'), NewsItem(title='Career-Launching Companies: These are the 
Companies You Should Work For', description="To win in the career market, you need to work at the best companies. 
These are the one's to know.", link='https://www.news.aakashg.com/p/career-launching-companies-these', 
published_date=datetime.datetime(2025, 5, 29, 19, 20, 12, tzinfo=<UTC>), source='https://www.news.aakashg.com/feed', 
summary='Resumo: As empresas de destaque no mercado de carreira sπo aquelas que oferecem oportunidades de 
crescimento, desenvolvimento profissional e um ambiente de trabalho positivo. Essas empresas geralmente investem em 
seus funcionßrios e promovem a inovaτπo, o que Θ crucial para o sucesso de carreira.'), NewsItem(title='Product Talk 
Daily: Combatting confirmation bias in customer interviews', description="What's unique about this customer?", 
link='https://producttalkdaily.substack.com/p/product-talk-daily-combatting-confirmation-ed8', 
published_date=datetime.datetime(2025, 5, 29, 19, 0, 37, tzinfo=<UTC>), 
source='https://producttalkdaily.substack.com/feed', summary='Resumo: O artigo explora como a confirmaτπo de viΘs 
(confirmation bias) pode afetar as entrevistas com clientes, destacando a importΓncia de conduzir entrevistas de 
forma a minimizar essa tendΩncia e garantir uma compreensπo mais precisa das necessidades e opini⌡es dos clientes.'), 
NewsItem(title='Are Stablecoins What Crypto Was Always Meant to Be?', description='Stablecoins are no longer a side 
plot in the crypto story - theyÆre quickly becoming the default fuel for a global, digital-first economy. Quietly, 
theyÆre buil', link='https://hackernoon.com/are-stablecoins-what-crypto-was-always-meant-to-be?source=rss', 
published_date=datetime.datetime(2025, 5, 29, 16, 7, 24, tzinfo=<UTC>), source='https://hackernoon.com/feed', 
summary='Resumo: Stablecoins estπo rapidamente se tornando a principal fonte de energia para uma economia digital 
global, substituindo o papel de "lado do pote" no cenßrio cripto.'), NewsItem(title='The HackerNoon Newsletter: 6 
Crypto Trends You CanÆt Ignore in 2025 (5/29/2025)', description='The HackerNoon Newsletter: 6 Crypto Trends You 
CanÆt Ignore in 2025 (5/29/2025)', link='https://hackernoon.com/5-29-2025-newsletter?source=rss', 
published_date=datetime.datetime(2025, 5, 29, 16, 3, 26, tzinfo=<UTC>), source='https://hackernoon.com/feed', 
summary='Resumo: A newsletter do HackerNoon destaca seis tendΩncias importantes na criptomoeda para 2025, incluindo o 
crescimento da DeFi, a ascensπo de protocolos de yield, a consolidaτπo de NFTs e a importΓncia da interoperabilidade 
entre blockchains, alΘm de um aumento na adoτπo de stablecoins.'), NewsItem(title='Mastering Asynchronous JavaScript 
Callbacks, Promises, and Async, Await for Cleaner React Components', description='React is fast. But fast doesnÆt 
always mean efficientùespecially when it comes to real-world data. ', link='https://hackernoon.com/mastering-asynchron
ous-javascript-callbacks-promises-and-async-await-for-cleaner-react-components?source=rss', 
published_date=datetime.datetime(2025, 5, 29, 15, 5, 11, tzinfo=<UTC>), source='https://hackernoon.com/feed', 
summary='Resumo: A notφcia aborda a importΓncia de usar callbacks, Promises e async/await para escrever componentes 
React mais eficientes e limpos, especialmente ao lidar com dados que podem ser demorados.'), NewsItem(title='How 
Island Communities Are Using Blockchain to Escape the Red Button Economy', description='Island communities are 
building decentralized infrastructure and adopting Bitcoin to unlock global monetary freedom through DePIN, AI, and 
cultural blockchain models.', link='https://hackernoon.com/how-island-communities-are-using-blockchain-to-escape-the-r
ed-button-economy?source=rss', published_date=datetime.datetime(2025, 5, 29, 15, 1, 35, tzinfo=<UTC>), 
source='https://hackernoon.com/feed', summary='Resumo: Island communities are leveraging blockchain technology, 
including DePIN, AI, and cultural blockchain models, to create decentralized infrastructure and achieve global 
monetary freedom by bypassing traditional economic systems.'), NewsItem(title='Meet Linguado, Antix Interactive, 
eEPIC Events: HackerNoon Startups of The Week', description='Each week, the HackerNoon team highlights standout 
Startups from our Startups of The Year database. Every featured startup has been nominated as the best in their 
respective technology category or region. This week, we present: Linguado, Antix Interactive, and eEPIC Events.', link
='https://hackernoon.com/meet-linguado-antix-interactive-eepic-events-hackernoon-startups-of-the-week?source=rss', 
published_date=datetime.datetime(2025, 5, 29, 15, 0, 4, tzinfo=<UTC>), source='https://hackernoon.com/feed', 
summary='Resumo: Linguado, Antix Interactive e eEPIC Events sπo startups destacadas da lista de Startups of The Year, 
apresentadas pelo HackerNoon.'), NewsItem(title='Anthropic CEO makes bold AI claim while Workforce new product chief 
wants you to love software', description='From AnthropicÆs job warning to WorkdayÆs product charm offensive, hereÆs 
the news that grabbed our attention this week. Anthropic CEO says AI could wipe out half of white-collar jobs In a 
forecast projected by Dario Amodei, CEO of Anthropic, warned this week that AI could eliminate up to 50% of 
entry-level white-collar jobs over the Read\xa0more\xa0╗\nThe post Anthropic CEO makes bold AI claim while Workforce 
new product chief wants you to love software appeared first on Mind the Product.\n', link='https://www.mindtheproduct.
com/anthropic-ceo-makes-bold-ai-claim-while-workforce-new-product-chief-wants-you-to-love-software/', 
published_date=datetime.datetime(2025, 5, 29, 14, 37, 26, tzinfo=datetime.timezone.utc), 
source='https://www.mindtheproduct.com/feed/', summary='Resumo: Anthropic CEO Dario Amodei declarou que a 
inteligΩncia artificial (IA) tem o potencial de eliminar atΘ 50% dos empregos de nφvel inicial, com base em uma 
previsπo de Dario Amodei. A declaraτπo da Anthropic, acompanhada de um esforτo da Workday para promover o amor pelo 
software, reacendeu o debate sobre o impacto da IA no mercado de trabalho.'), NewsItem(title='The Definition of Tier 
1 Media Is Changing (And Lots of Industries Need to Catch Up)', description='The shift isnÆt just SEO vs. social 
anymore, itÆs generative vs. static. People are just as likely to ask ChatGPT, Gemini, Perplexity, or Claude a 
question as they are to Google it. Traditional Tier 1 coverage might earn a spike in awareness. But if it\ufffdÆS not 
structured in a way that generative AI can interpret, index, or cite, it likely wonÆn influence the next wave of 
search.', link='https://hackernoon.com/the-definition-of-tier-1-media-is-changing-and-lots-of-industries-need-to-catch
-up?source=rss', published_date=datetime.datetime(2025, 5, 29, 14, 17, 22, tzinfo=<UTC>), 
source='https://hackernoon.com/feed', summary='Resumo: A definiτπo de "Tier 1 mφdia" estß mudando, com a crescente 
influΩncia de ferramentas de IA generativas como ChatGPT, Gemini, Perplexity e Claude, que estπo sendo usadas para 
responder a perguntas de forma similar a mecanismos de busca tradicionais. A cobertura tradicional pode gerar um 
aumento de visibilidade, mas se nπo for estruturada para a interpretaτπo e indexaτπo por IA, nπo terß impacto na 
pr≤xima onda de busca.'), NewsItem(title='How to Evaluate Security and Reliability in Key Recovery Systems', 
description="Security alone isn't enough. This article presents a joint analysis of security and reliability in key 
recovery systems, exposing real-world failure scenarios.", 
link='https://hackernoon.com/how-to-evaluate-security-and-reliability-in-key-recovery-systems?source=rss', 
published_date=datetime.datetime(2025, 5, 29, 14, 0, 4, tzinfo=<UTC>), source='https://hackernoon.com/feed', 
summary='Resumo: A anßlise conjunta de seguranτa e confiabilidade em sistemas de recuperaτπo de chaves revela que, 
embora a seguranτa seja crucial, a falta de confiabilidade pode levar a falhas graves.'), NewsItem(title='How to 
Manage Customer Feedback With AI', description='How to collect, organize, prioritize, communicate, and act on 
customer feedback with ChatGPT prompts.', link='https://www.productcompass.pm/p/customer-feedback', 
published_date=datetime.datetime(2025, 5, 29, 13, 12, 21, tzinfo=<UTC>), source='https://www.productcompass.pm/feed', 
summary='Resumo: Como usar o ChatGPT para gerenciar o feedback dos clientes, desde a coleta atΘ a aτπo, incluindo 
organizaτπo, priorizaτπo, comunicaτπo e resposta αs solicitaτ⌡es.'), NewsItem(title='Keeping Pace with AI Without 
Going Nuts', description='Many things about AI are just noise, but not everything', 
link='https://dpereira.substack.com/p/keeping-pace-with-ai-without-going', published_date=datetime.datetime(2025, 5, 
29, 13, 3, 3, tzinfo=<UTC>), source='https://dpereira.substack.com/feed', summary='Resumo: A notφcia aborda a 
crescente preocupaτπo com a rßpida evoluτπo da inteligΩncia artificial, destacando que muitos aspectos relacionados a 
ela sπo exagerados e desnecessßrios. O autor enfatiza que, embora a IA tenha potencial, Θ crucial manter o foco em 
aplicaτ⌡es prßticas e evitar a ansiedade desproporcional.'), NewsItem(title='Why you should do as few things as 
possible', description='Focus on what matters: Learn how doing fewer, high-impact tasks boosts productivity, clarity, 
and product success. Read\xa0more\xa0╗\nThe post Why you should do as few things as possible appeared first on Mind 
the Product.\n', link='https://www.mindtheproduct.com/why-you-should-do-as-few-things-as-possible/', 
published_date=datetime.datetime(2025, 5, 29, 8, 34, 29, tzinfo=datetime.timezone.utc), 
source='https://www.mindtheproduct.com/feed/', summary='Resumo: A notφcia argumenta que focar em poucas tarefas de 
alto impacto Θ fundamental para aumentar a produtividade, a clareza e o sucesso geral.')]}, 'linkedin_content': 
'Setting New Standards in Cloud Security Architecture by Sudha Rani Pujari**\n\n\U0001f680  The cloud is evolving at 
warp speed, and security needs to keep up!  Sudha Rani PujariÆs work on transforming microservice architectures into 
robust, secure-by-design systems is truly inspiring.  She led a major cloud-native security overhaul, dramatically 
improving encryption, container security, and Kubernetes compliance û all while maintaining uptime.  Her approach is 
a game-changer for organizations looking to build resilient and trustworthy cloud infrastructure. \U0001f92f\n\nThis 
isnÆt just about compliance; itÆs about *innovation*.  By embracing a proactive, layered approach to security, sheÆs 
setting a new standard for secure-by-design. \n\n**Insight:**  A truly secure cloud isnÆt about *preventing* 
breaches, itÆs about *anticipating* them and building systems that can adapt and respond seamlessly. \n\nWant to 
learn more about how to architect secure cloud solutions?  Check out Sudha RaniÆs insights here: [Link to Sudha 
RaniÆs article] \U0001f517\n\n#CloudSecurity #CloudArchitecture #Security #Innovation #DigitalTransformation 
#Kubernetes #SaaS #CloudNative #SecurityArchitecture\n\n---\n\n**Observaτ⌡es:**\n\n*   **Tom:**  A linguagem Θ 
acessφvel, profissional e motivacional, com emojis para adicionar um toque de entusiasmo.\n*   **Estrutura:**  A 
publicaτπo Θ dividida em parßgrafos curtos, com um gancho forte, um insight principal, uma chamada para aτπo e 
hashtags relevantes.\n*   **Elementos de Marketing:**  A publicaτπo destaca a importΓncia da seguranτa em um ambiente 
de nuvem em constante evoluτπo e oferece um link para um artigo mais aprofundado.\n*   **Formataτπo:**  O texto estß 
bem formatado, com quebras de linha estratΘgicas e bullet points para facilitar a leitura.\n*   **Hashtags:**  As 
hashtags sπo relevantes e abrangem diferentes aspectos da seguranτa e da nuvem.\n\nEspero que esta publicaτπo atenda 
αs suas expectativas!'}

2025-05-29 23:45:02 | INFO | Dry run mode - Email would have contained:

2025-05-29 23:45:02 | INFO | {datetime.date(2025, 5, 29): {'items': [NewsItem(title='Setting New Standards in Cloud 
Security Architecture by Sudha Rani Pujari', description='Sudha Rani Pujari led a major cloud-native security 
overhaul, transforming a microservice architecture handling millions of transactions. Her work improved encryption, 
container security, and Kubernetes compliance while maintaining uptimeùearning industry awards and setting a new 
standard for secure-by-design infrastructure.', 
link='https://hackernoon.com/setting-new-standards-in-cloud-security-architecture-by-sudha-rani-pujari?source=rss', 
published_date=datetime.datetime(2025, 5, 29, 21, 59, 56, tzinfo=<UTC>), source='https://hackernoon.com/feed', 
summary='Resumo:Sudha Rani Pujari liderou uma grande reformulaτπo da seguranτa nativa na nuvem, transformando uma 
arquitetura de microserviτos que processa milh⌡es de transaτ⌡es.  Seu trabalho melhorou a criptografia, a seguranτa 
de contΩineres e a conformidade com o Kubernetes, mantendo o tempo de atividade e estabelecendo um novo padrπo para 
infraestrutura segura por projeto.\n'), NewsItem(title='Rajesh Sura: Revolutionizing Global Selection Strategy with 
Data, AI, and Automation', description='Rajesh Sura revolutionized enterprise product selection strategy by combining 
internal data, external intelligence, AI models, and automation tools. His unified data architecture and intelligent 
systems led to billions in business impact, optimized onboarding, and enhanced customer experiencesùsetting a new 
global standard for retail innovation.', link='https://hackernoon.com/rajesh-sura-revolutionizing-global-selection-str
ategy-with-data-ai-and-automation?source=rss', published_date=datetime.datetime(2025, 5, 29, 21, 54, 26, 
tzinfo=<UTC>), source='https://hackernoon.com/feed', summary='Resumo:Rajesh Sura revolucionou a estratΘgia de seleτπo 
de produtos em empresas globais ao integrar dados internos, inteligΩncia externa, inteligΩncia artificial e 
automaτπo.  Essa abordagem, baseada em uma arquitetura de dados unificada e sistemas inteligentes, gerou bilh⌡es em 
impacto comercial, otimizou o processo de integraτπo de novos produtos e aprimorou a experiΩncia do cliente, 
estabelecendo um novo padrπo global para inovaτπo no varejo.\n'), NewsItem(title="Here's How to Build That Personal 
Brand of Yours", description='Personal brand is your calling card in the digital world. It screams out about you to 
your peers, colleagues, family members, neighbours, potential clients and employers. The right kind of brand image 
will offer you greater and better opportunities in life.', 
link='https://hackernoon.com/heres-how-to-build-that-personal-brand-of-yours?source=rss', 
published_date=datetime.datetime(2025, 5, 29, 21, 49, 27, tzinfo=<UTC>), source='https://hackernoon.com/feed', 
summary='Resumo: Personal brand Θ a representaτπo que vocΩ oferece ao mundo, crucial para se destacar em diversas 
ßreas. Uma marca pessoal forte abre portas para novas oportunidades de carreira e relacionamentos.'), 
NewsItem(title="Transforming Enterprise Data Landscapes: Gayatri Tavva's Pioneering AWS Cloud Integration Platform", 
description='Gayatri Tavva architected a powerful enterprise data integration platform on AWS, merging batch and 
real-time data from disparate systems into a unified, scalable solution. Her leadership enabled cross-system 
analytics, high-performance reporting, and real-time insights, transforming how organizations harness and act on 
their data.', link='https://hackernoon.com/transforming-enterprise-data-landscapes-gayatri-tavvas-pioneering-aws-cloud
-integration-platform?source=rss', published_date=datetime.datetime(2025, 5, 29, 21, 47, 26, tzinfo=<UTC>), 
source='https://hackernoon.com/feed', summary='Resumo: Gayatri Tavva criou uma plataforma de integraτπo de dados 
empresarial robusta no AWS, combinando dados de batch e em tempo real de diversos sistemas para criar uma soluτπo 
escalßvel e com anßlises de alto desempenho. Essa iniciativa transformou a forma como as organizaτ⌡es utilizam e 
interpretam seus dados.'), NewsItem(title='Praneet CherukuriÆs Role in Transforming Containers with  Persistent 
Storage', description='Praneet CherukuriÆs work on adding persistent block storage to AWS ECS revolutionized 
containerized workloads. His engineering enabled developers to run stateful applications more easily, eliminating the 
need for complex infrastructure and advancing cloud-native capabilities with scalable, seamless storage 
orchestration.', 
link='https://hackernoon.com/praneet-cherukuris-role-in-transforming-containers-with-persistent-storage?source=rss', 
published_date=datetime.datetime(2025, 5, 29, 21, 41, 56, tzinfo=<UTC>), source='https://hackernoon.com/feed', 
summary='Resumo: Praneet Cherukuri desenvolveu persistΩncia de armazenamento em AWS ECS, permitindo que 
desenvolvedores executassem aplicaτ⌡es com estado de forma mais fßcil, eliminando a necessidade de infraestrutura 
complexa e impulsionando capacidades de armazenamento escalßveis e sem problemas.'), NewsItem(title='SVPG on 
Generative AI', description='As generative AI continues to evolve, SVPG is focused on understanding its impact on 
product teams and practices. Below is a curated list of our content on various aspects of AI in product development. 
This page will be updated regularly when SVPG publishes new content on AI related topics. Articles on Generative AI A 
Vision...\nThe post SVPG on Generative AI appeared first on Silicon Valley Product Group.\n', 
link='https://www.svpg.com/svpg-on-generative-ai/', published_date=datetime.datetime(2025, 5, 29, 21, 6, 33, 
tzinfo=datetime.timezone.utc), source='https://www.svpg.com/articles/feed/', summary='Resumo: SVPG explora o impacto 
da inteligΩncia artificial (IA) no desenvolvimento de produtos, apresentando um conte·do abrangente sobre a 
tecnologia. A pßgina atualiza-se regularmente com novas publicaτ⌡es sobre IA no setor de produtos.'), 
NewsItem(title='Fullscreen BitM Attack Discovered By SquareX Exploits Browser Fullscreen APIs To Steal Credentials', 
description='A new attack on Safari uses a flaw in the Fullscreen API to create a fullscreen BitM window. Safari 
users are especially vulnerable to this attack as there is no clear visual indicator of users entering fullscreen. 
Existing security solutions fail to detect the attack and are proven to be obsolete when it comes to detecting any 
BitM attack.', link='https://hackernoon.com/fullscreen-bitm-attack-discovered-by-squarex-exploits-browser-fullscreen-a
pis-to-steal-credentials?source=rss', published_date=datetime.datetime(2025, 5, 29, 20, 38, 42, tzinfo=<UTC>), 
source='https://hackernoon.com/feed', summary='Resumo: Uma nova tΘcnica de ataque, conhecida como BitM, foi 
descoberta no Safari, utilizando um defeito na API Fullscreen para roubar credenciais de usußrios. A falta de 
indicaτπo visual de que o usußrio estß em modo fullscreen torna as soluτ⌡es de seguranτa existentes ineficazes contra 
essa nova ameaτa.'), NewsItem(title='RemotePreneurs | Losing Friendships', description='Growing a business changes 
you, and sometimes that means losing old friendships. This piece explores why it happens, how it feels, and how to 
move forward without losing yourself.', 
link='https://hackernoon.com/remotepreneurs-or-losing-friendships?source=rss', published_date=datetime.datetime(2025, 
5, 29, 20, 23, 57, tzinfo=<UTC>), source='https://hackernoon.com/feed', summary='Resumo: A crescente demanda por 
serviτos de "remotneurs" (pessoas que oferecem serviτos de consultoria remota) frequentemente leva ao tΘrmino de 
amizades, pois a mudanτa de foco e a necessidade de se adaptar a um novo modelo de trabalho podem gerar conflitos. A 
notφcia destaca que essa transiτπo pode ser dolorosa, mas que Θ possφvel seguir em frente, mantendo a individualidade 
e a busca por novas oportunidades.'), NewsItem(title='Bet20 Launches Premium Casino Platform With Trusted Licensing, 
Instant Withdrawals, And Elite Gaming', description='Bet20 Casino is a globally leading cryptocurrency gaming and 
betting platform offering an elite casino and sports betting experience. It is offering players 10,000+ titles, 
several unique in-house games, and instant withdrawals via cryptocurrencies. The platform also operates under the 
license and regulation of the Curacao Gaming Control Board (GCB) to ensure players globally enjoy gambling in a 
secure and fair environment.', link='https://hackernoon.com/bet20-launches-premium-casino-platform-with-trusted-licens
ing-instant-withdrawals-and-elite-gaming?source=rss', published_date=datetime.datetime(2025, 5, 29, 20, 16, 30, 
tzinfo=<UTC>), source='https://hackernoon.com/feed', summary='Resumo: Bet20 lanτou sua plataforma de casino premium 
com licenτa confißvel, saques instantΓneos e jogos de alta qualidade. A plataforma oferece mais de 10.000 tφtulos, 
jogos exclusivos desenvolvidos internamente, e saques via criptomoedas. Operando sob a regulamentaτπo do GCB, a Bet20 
garante um ambiente de jogo seguro e justo para jogadores em todo o mundo.'), NewsItem(title='ReddioÆs Exclusive 
Token Generation Event (TGE) And Alpha Trading On Binance Wallet - May 29, 2025', description='Reddio, the 
high-performance parallel EVM accelerated by GPU, will launch its native RDO token through a Binance Exclusive Token 
Generation Event (TGE) on Binance Wallet starting May 29, 2025. 50% of RDOÆs circulating supply will be deployed on 
BNB Chain, with seamless cross-chain transfers.', link='https://hackernoon.com/reddios-exclusive-token-generation-even
t-tge-and-alpha-trading-on-binance-wallet-may-29-2025?source=rss', published_date=datetime.datetime(2025, 5, 29, 20, 
5, 48, tzinfo=<UTC>), source='https://hackernoon.com/feed', summary='Resumo: Reddio, utilizando sua tecnologia de EVM 
acelerada por GPU, lanτarß seu token RDO atravΘs de um Evento de Geraτπo Exclusiva de Token (TGE) na Binance Wallet, 
comeτando em 29 de maio de 2025. A distribuiτπo de 50% do token RDO serß realizada na Chain BNB, com transferΩncias 
cruzadas suaves.'), NewsItem(title='Rethinking Simulation: How CompLabs Is Building Foundation Models for Mechanical 
Design', description='CompLabs is building a foundation AI model for mechanical simulations, enabling engineers to 
run high-fidelity tests in seconds without meshing. By understanding 3D geometry and physics, their approach makes 
design faster, cheaper, and more goal-orientedùunlocking creativity and accelerating innovation across industries.', l
ink='https://hackernoon.com/rethinking-simulation-how-complabs-is-building-foundation-models-for-mechanical-design?sou
rce=rss', published_date=datetime.datetime(2025, 5, 29, 19, 59, 52, tzinfo=<UTC>), 
source='https://hackernoon.com/feed', summary='Resumo: CompLabs estß desenvolvendo um modelo de IA de base para 
simulaτ⌡es mecΓnicas, permitindo que engenheiros executem testes de alta fidelidade em segundos sem a necessidade de 
modelagem de meshing. Essa abordagem acelera o processo de design, reduz custos e promove a inovaτπo em diversos 
setores.'), NewsItem(title='Why AI Agents Should Handle the Mundane, So Humans DonÆt Have To', description='Engineer 
Matteo Zamparini believes AI agents should do the repetitive work, freeing humans for strategic thinking. From real 
estate to clean energy, his work at PropRise shows how agentic systems powered by open standards can deliver 
reliable, human-guided automation that transforms productivity across industries.', 
link='https://hackernoon.com/why-ai-agents-should-handle-the-mundane-so-humans-dont-have-to?source=rss', 
published_date=datetime.datetime(2025, 5, 29, 19, 54, 7, tzinfo=<UTC>), source='https://hackernoon.com/feed', 
summary='Resumo: Engenheiro Matteo Zamparini defende que agentes de IA devem assumir tarefas repetitivas, permitindo 
que humanos se concentrem em atividades estratΘgicas. AtravΘs de projetos como o PropRise, ele demonstra como 
sistemas de agentes baseados em padr⌡es abertos podem oferecer automaτπo confißvel e produtiva em diversos 
setores.'), NewsItem(title='FLOKI And New To The Street Announce Media Partnership To Reach 219M+ Households', 
description='Floki has signed a sweeping media partnership with New to The Street, a leading financial media brand. 
The three-month campaign will spotlight FLOKIÆs fast-growing ecosystem, including its flagship MMORPG game. The media 
rollout includes biographical interview segments on Fox Business and Bloomberg TV.', link='https://hackernoon.com/flok
i-and-new-to-the-street-announce-media-partnership-to-reach-219m-households?source=rss', 
published_date=datetime.datetime(2025, 5, 29, 19, 32, 45, tzinfo=<UTC>), source='https://hackernoon.com/feed', 
summary='Resumo: Floki, o personagem de MMORPG FLOKI, firmou uma parceria de trΩs meses com New to The Street, uma 
marca de mφdia financeira, para promover seu ecossistema em expansπo, incluindo seu jogo principal. A campanha 
incluirß entrevistas com especialistas em Fox Business e Bloomberg TV.'), NewsItem(title='IPinfo Launches IPinfo 
Core: City-Level Precision And Privacy Clarity', description='IPinfo has launched IPinfo Core, a powerful new product 
offering precise city-level geolocation and five privacy/connection-type signals. Built for smarter fraud prevention, 
compliance, and network optimization, it brings enterprise-grade IP insights to entry-level pricingùstarting at 
$49/month with API and Snowflake delivery options.', 
link='https://hackernoon.com/ipinfo-launches-ipinfo-core-city-level-precision-and-privacy-clarity?source=rss', 
published_date=datetime.datetime(2025, 5, 29, 19, 32, 3, tzinfo=<UTC>), source='https://hackernoon.com/feed', 
summary='Resumo: IPinfo lanτou IPinfo Core, uma soluτπo de geolocalizaτπo de nφvel cidade com precisπo e privacidade 
aprimoradas, oferecendo dados de fraudes, conformidade e otimizaτπo de rede a preτos acessφveis, comeτando em 
US$49/mΩs com API e opτ⌡es de entrega do Snowflake.'), NewsItem(title='Career-Launching Companies: These are the 
Companies You Should Work For', description="To win in the career market, you need to work at the best companies. 
These are the one's to know.", link='https://www.news.aakashg.com/p/career-launching-companies-these', 
published_date=datetime.datetime(2025, 5, 29, 19, 20, 12, tzinfo=<UTC>), source='https://www.news.aakashg.com/feed', 
summary='Resumo: As empresas de destaque no mercado de carreira sπo aquelas que oferecem oportunidades de 
crescimento, desenvolvimento profissional e um ambiente de trabalho positivo. Essas empresas geralmente investem em 
seus funcionßrios e promovem a inovaτπo, o que Θ crucial para o sucesso de carreira.'), NewsItem(title='Product Talk 
Daily: Combatting confirmation bias in customer interviews', description="What's unique about this customer?", 
link='https://producttalkdaily.substack.com/p/product-talk-daily-combatting-confirmation-ed8', 
published_date=datetime.datetime(2025, 5, 29, 19, 0, 37, tzinfo=<UTC>), 
source='https://producttalkdaily.substack.com/feed', summary='Resumo: O artigo explora como a confirmaτπo de viΘs 
(confirmation bias) pode afetar as entrevistas com clientes, destacando a importΓncia de conduzir entrevistas de 
forma a minimizar essa tendΩncia e garantir uma compreensπo mais precisa das necessidades e opini⌡es dos clientes.'), 
NewsItem(title='Are Stablecoins What Crypto Was Always Meant to Be?', description='Stablecoins are no longer a side 
plot in the crypto story - theyÆre quickly becoming the default fuel for a global, digital-first economy. Quietly, 
theyÆre buil', link='https://hackernoon.com/are-stablecoins-what-crypto-was-always-meant-to-be?source=rss', 
published_date=datetime.datetime(2025, 5, 29, 16, 7, 24, tzinfo=<UTC>), source='https://hackernoon.com/feed', 
summary='Resumo: Stablecoins estπo rapidamente se tornando a principal fonte de energia para uma economia digital 
global, substituindo o papel de "lado do pote" no cenßrio cripto.'), NewsItem(title='The HackerNoon Newsletter: 6 
Crypto Trends You CanÆt Ignore in 2025 (5/29/2025)', description='The HackerNoon Newsletter: 6 Crypto Trends You 
CanÆt Ignore in 2025 (5/29/2025)', link='https://hackernoon.com/5-29-2025-newsletter?source=rss', 
published_date=datetime.datetime(2025, 5, 29, 16, 3, 26, tzinfo=<UTC>), source='https://hackernoon.com/feed', 
summary='Resumo: A newsletter do HackerNoon destaca seis tendΩncias importantes na criptomoeda para 2025, incluindo o 
crescimento da DeFi, a ascensπo de protocolos de yield, a consolidaτπo de NFTs e a importΓncia da interoperabilidade 
entre blockchains, alΘm de um aumento na adoτπo de stablecoins.'), NewsItem(title='Mastering Asynchronous JavaScript 
Callbacks, Promises, and Async, Await for Cleaner React Components', description='React is fast. But fast doesnÆt 
always mean efficientùespecially when it comes to real-world data. ', link='https://hackernoon.com/mastering-asynchron
ous-javascript-callbacks-promises-and-async-await-for-cleaner-react-components?source=rss', 
published_date=datetime.datetime(2025, 5, 29, 15, 5, 11, tzinfo=<UTC>), source='https://hackernoon.com/feed', 
summary='Resumo: A notφcia aborda a importΓncia de usar callbacks, Promises e async/await para escrever componentes 
React mais eficientes e limpos, especialmente ao lidar com dados que podem ser demorados.'), NewsItem(title='How 
Island Communities Are Using Blockchain to Escape the Red Button Economy', description='Island communities are 
building decentralized infrastructure and adopting Bitcoin to unlock global monetary freedom through DePIN, AI, and 
cultural blockchain models.', link='https://hackernoon.com/how-island-communities-are-using-blockchain-to-escape-the-r
ed-button-economy?source=rss', published_date=datetime.datetime(2025, 5, 29, 15, 1, 35, tzinfo=<UTC>), 
source='https://hackernoon.com/feed', summary='Resumo: Island communities are leveraging blockchain technology, 
including DePIN, AI, and cultural blockchain models, to create decentralized infrastructure and achieve global 
monetary freedom by bypassing traditional economic systems.'), NewsItem(title='Meet Linguado, Antix Interactive, 
eEPIC Events: HackerNoon Startups of The Week', description='Each week, the HackerNoon team highlights standout 
Startups from our Startups of The Year database. Every featured startup has been nominated as the best in their 
respective technology category or region. This week, we present: Linguado, Antix Interactive, and eEPIC Events.', link
='https://hackernoon.com/meet-linguado-antix-interactive-eepic-events-hackernoon-startups-of-the-week?source=rss', 
published_date=datetime.datetime(2025, 5, 29, 15, 0, 4, tzinfo=<UTC>), source='https://hackernoon.com/feed', 
summary='Resumo: Linguado, Antix Interactive e eEPIC Events sπo startups destacadas da lista de Startups of The Year, 
apresentadas pelo HackerNoon.'), NewsItem(title='Anthropic CEO makes bold AI claim while Workforce new product chief 
wants you to love software', description='From AnthropicÆs job warning to WorkdayÆs product charm offensive, hereÆs 
the news that grabbed our attention this week. Anthropic CEO says AI could wipe out half of white-collar jobs In a 
forecast projected by Dario Amodei, CEO of Anthropic, warned this week that AI could eliminate up to 50% of 
entry-level white-collar jobs over the Read\xa0more\xa0╗\nThe post Anthropic CEO makes bold AI claim while Workforce 
new product chief wants you to love software appeared first on Mind the Product.\n', link='https://www.mindtheproduct.
com/anthropic-ceo-makes-bold-ai-claim-while-workforce-new-product-chief-wants-you-to-love-software/', 
published_date=datetime.datetime(2025, 5, 29, 14, 37, 26, tzinfo=datetime.timezone.utc), 
source='https://www.mindtheproduct.com/feed/', summary='Resumo: Anthropic CEO Dario Amodei declarou que a 
inteligΩncia artificial (IA) tem o potencial de eliminar atΘ 50% dos empregos de nφvel inicial, com base em uma 
previsπo de Dario Amodei. A declaraτπo da Anthropic, acompanhada de um esforτo da Workday para promover o amor pelo 
software, reacendeu o debate sobre o impacto da IA no mercado de trabalho.'), NewsItem(title='The Definition of Tier 
1 Media Is Changing (And Lots of Industries Need to Catch Up)', description='The shift isnÆt just SEO vs. social 
anymore, itÆs generative vs. static. People are just as likely to ask ChatGPT, Gemini, Perplexity, or Claude a 
question as they are to Google it. Traditional Tier 1 coverage might earn a spike in awareness. But if it\ufffdÆS not 
structured in a way that generative AI can interpret, index, or cite, it likely wonÆn influence the next wave of 
search.', link='https://hackernoon.com/the-definition-of-tier-1-media-is-changing-and-lots-of-industries-need-to-catch
-up?source=rss', published_date=datetime.datetime(2025, 5, 29, 14, 17, 22, tzinfo=<UTC>), 
source='https://hackernoon.com/feed', summary='Resumo: A definiτπo de "Tier 1 mφdia" estß mudando, com a crescente 
influΩncia de ferramentas de IA generativas como ChatGPT, Gemini, Perplexity e Claude, que estπo sendo usadas para 
responder a perguntas de forma similar a mecanismos de busca tradicionais. A cobertura tradicional pode gerar um 
aumento de visibilidade, mas se nπo for estruturada para a interpretaτπo e indexaτπo por IA, nπo terß impacto na 
pr≤xima onda de busca.'), NewsItem(title='How to Evaluate Security and Reliability in Key Recovery Systems', 
description="Security alone isn't enough. This article presents a joint analysis of security and reliability in key 
recovery systems, exposing real-world failure scenarios.", 
link='https://hackernoon.com/how-to-evaluate-security-and-reliability-in-key-recovery-systems?source=rss', 
published_date=datetime.datetime(2025, 5, 29, 14, 0, 4, tzinfo=<UTC>), source='https://hackernoon.com/feed', 
summary='Resumo: A anßlise conjunta de seguranτa e confiabilidade em sistemas de recuperaτπo de chaves revela que, 
embora a seguranτa seja crucial, a falta de confiabilidade pode levar a falhas graves.'), NewsItem(title='How to 
Manage Customer Feedback With AI', description='How to collect, organize, prioritize, communicate, and act on 
customer feedback with ChatGPT prompts.', link='https://www.productcompass.pm/p/customer-feedback', 
published_date=datetime.datetime(2025, 5, 29, 13, 12, 21, tzinfo=<UTC>), source='https://www.productcompass.pm/feed', 
summary='Resumo: Como usar o ChatGPT para gerenciar o feedback dos clientes, desde a coleta atΘ a aτπo, incluindo 
organizaτπo, priorizaτπo, comunicaτπo e resposta αs solicitaτ⌡es.'), NewsItem(title='Keeping Pace with AI Without 
Going Nuts', description='Many things about AI are just noise, but not everything', 
link='https://dpereira.substack.com/p/keeping-pace-with-ai-without-going', published_date=datetime.datetime(2025, 5, 
29, 13, 3, 3, tzinfo=<UTC>), source='https://dpereira.substack.com/feed', summary='Resumo: A notφcia aborda a 
crescente preocupaτπo com a rßpida evoluτπo da inteligΩncia artificial, destacando que muitos aspectos relacionados a 
ela sπo exagerados e desnecessßrios. O autor enfatiza que, embora a IA tenha potencial, Θ crucial manter o foco em 
aplicaτ⌡es prßticas e evitar a ansiedade desproporcional.'), NewsItem(title='Why you should do as few things as 
possible', description='Focus on what matters: Learn how doing fewer, high-impact tasks boosts productivity, clarity, 
and product success. Read\xa0more\xa0╗\nThe post Why you should do as few things as possible appeared first on Mind 
the Product.\n', link='https://www.mindtheproduct.com/why-you-should-do-as-few-things-as-possible/', 
published_date=datetime.datetime(2025, 5, 29, 8, 34, 29, tzinfo=datetime.timezone.utc), 
source='https://www.mindtheproduct.com/feed/', summary='Resumo: A notφcia argumenta que focar em poucas tarefas de 
alto impacto Θ fundamental para aumentar a produtividade, a clareza e o sucesso geral.')]}, 'linkedin_content': 
'Setting New Standards in Cloud Security Architecture by Sudha Rani Pujari**\n\n\U0001f680  The cloud is evolving at 
warp speed, and security needs to keep up!  Sudha Rani PujariÆs work on transforming microservice architectures into 
robust, secure-by-design systems is truly inspiring.  She led a major cloud-native security overhaul, dramatically 
improving encryption, container security, and Kubernetes compliance û all while maintaining uptime.  Her approach is 
a game-changer for organizations looking to build resilient and trustworthy cloud infrastructure. \U0001f92f\n\nThis 
isnÆt just about compliance; itÆs about *innovation*.  By embracing a proactive, layered approach to security, sheÆs 
setting a new standard for secure-by-design. \n\n**Insight:**  A truly secure cloud isnÆt about *preventing* 
breaches, itÆs about *anticipating* them and building systems that can adapt and respond seamlessly. \n\nWant to 
learn more about how to architect secure cloud solutions?  Check out Sudha RaniÆs insights here: [Link to Sudha 
RaniÆs article] \U0001f517\n\n#CloudSecurity #CloudArchitecture #Security #Innovation #DigitalTransformation 
#Kubernetes #SaaS #CloudNative #SecurityArchitecture\n\n---\n\n**Observaτ⌡es:**\n\n*   **Tom:**  A linguagem Θ 
acessφvel, profissional e motivacional, com emojis para adicionar um toque de entusiasmo.\n*   **Estrutura:**  A 
publicaτπo Θ dividida em parßgrafos curtos, com um gancho forte, um insight principal, uma chamada para aτπo e 
hashtags relevantes.\n*   **Elementos de Marketing:**  A publicaτπo destaca a importΓncia da seguranτa em um ambiente 
de nuvem em constante evoluτπo e oferece um link para um artigo mais aprofundado.\n*   **Formataτπo:**  O texto estß 
bem formatado, com quebras de linha estratΘgicas e bullet points para facilitar a leitura.\n*   **Hashtags:**  As 
hashtags sπo relevantes e abrangem diferentes aspectos da seguranτa e da nuvem.\n\nEspero que esta publicaτπo atenda 
αs suas expectativas!'}

2025-05-29 23:45:02 | INFO | === Application Finished ===
